#-----------------------------------------------------------
# Vivado v2017.4 (64-bit)
# SW Build 2086221 on Fri Dec 15 20:55:39 MST 2017
# IP Build 2085800 on Fri Dec 15 22:25:07 MST 2017
# Start of session at: Sun Apr 25 10:59:52 2021
# Process ID: 7740
# Current directory: d:/xilinx_fpga/ku040/sfp_ibert/ibert_sfp_10g/ibert_sfp_10g_ex
# Command line: vivado.exe -notrace -source d:/xilinx_fpga/ku040/sfp_ibert/project_1/project_1.srcs/sources_1/ip/ibert_sfp_10g/ibert_sfp_10g_ex.tcl
# Log file: d:/xilinx_fpga/ku040/sfp_ibert/ibert_sfp_10g/ibert_sfp_10g_ex/vivado.log
# Journal file: d:/xilinx_fpga/ku040/sfp_ibert/ibert_sfp_10g/ibert_sfp_10g_ex\vivado.jou
#-----------------------------------------------------------
start_gui
source d:/xilinx_fpga/ku040/sfp_ibert/project_1/project_1.srcs/sources_1/ip/ibert_sfp_10g/ibert_sfp_10g_ex.tcl -notrace
update_compile_order -fileset sources_1
file mkdir d:/xilinx_fpga/ku040/sfp_ibert/ibert_sfp_10g/ibert_sfp_10g_ex/ibert_sfp_10g_ex.srcs/constrs_1
file mkdir d:/xilinx_fpga/ku040/sfp_ibert/ibert_sfp_10g/ibert_sfp_10g_ex/ibert_sfp_10g_ex.srcs/constrs_1/new
close [ open d:/xilinx_fpga/ku040/sfp_ibert/ibert_sfp_10g/ibert_sfp_10g_ex/ibert_sfp_10g_ex.srcs/constrs_1/new/sfp.xdc w ]
add_files -fileset constrs_1 d:/xilinx_fpga/ku040/sfp_ibert/ibert_sfp_10g/ibert_sfp_10g_ex/ibert_sfp_10g_ex.srcs/constrs_1/new/sfp.xdc
launch_runs impl_1 -to_step write_bitstream -jobs 6
wait_on_run impl_1
open_hw
connect_hw_server
open_hw_target
set_property PROGRAM.FILE {d:/xilinx_fpga/ku040/sfp_ibert/ibert_sfp_10g/ibert_sfp_10g_ex/ibert_sfp_10g_ex.runs/impl_1/example_ibert_sfp_10g.bit} [get_hw_devices xcku040_0]
set_property PROBES.FILE {d:/xilinx_fpga/ku040/sfp_ibert/ibert_sfp_10g/ibert_sfp_10g_ex/ibert_sfp_10g_ex.runs/impl_1/example_ibert_sfp_10g.ltx} [get_hw_devices xcku040_0]
set_property FULL_PROBES.FILE {d:/xilinx_fpga/ku040/sfp_ibert/ibert_sfp_10g/ibert_sfp_10g_ex/ibert_sfp_10g_ex.runs/impl_1/example_ibert_sfp_10g.ltx} [get_hw_devices xcku040_0]
current_hw_device [get_hw_devices xcku040_0]
refresh_hw_device [lindex [get_hw_devices xcku040_0] 0]
set_property PROBES.FILE {d:/xilinx_fpga/ku040/sfp_ibert/ibert_sfp_10g/ibert_sfp_10g_ex/ibert_sfp_10g_ex.runs/impl_1/example_ibert_sfp_10g.ltx} [get_hw_devices xcku040_0]
set_property FULL_PROBES.FILE {d:/xilinx_fpga/ku040/sfp_ibert/ibert_sfp_10g/ibert_sfp_10g_ex/ibert_sfp_10g_ex.runs/impl_1/example_ibert_sfp_10g.ltx} [get_hw_devices xcku040_0]
set_property PROGRAM.FILE {d:/xilinx_fpga/ku040/sfp_ibert/ibert_sfp_10g/ibert_sfp_10g_ex/ibert_sfp_10g_ex.runs/impl_1/example_ibert_sfp_10g.bit} [get_hw_devices xcku040_0]
program_hw_devices [get_hw_devices xcku040_0]
refresh_hw_device [lindex [get_hw_devices xcku040_0] 0]
detect_hw_sio_links
set_property TX_PATTERN {PRBS 31-bit} [get_hw_sio_links -of_objects [get_hw_sio_linkgroups {LINKGROUP_0}]]
commit_hw_sio [get_hw_sio_links -of_objects [get_hw_sio_linkgroups {LINKGROUP_0}]]
set_property LOGIC.MGT_ERRCNT_RESET_CTRL 1 [get_hw_sio_links -of_objects [get_hw_sio_linkgroups {LINKGROUP_0}]]
commit_hw_sio [get_hw_sio_links -of_objects [get_hw_sio_linkgroups {LINKGROUP_0}]]
set_property LOGIC.MGT_ERRCNT_RESET_CTRL 0 [get_hw_sio_links -of_objects [get_hw_sio_linkgroups {LINKGROUP_0}]]
commit_hw_sio [get_hw_sio_links -of_objects [get_hw_sio_linkgroups {LINKGROUP_0}]]
set_property LOGIC.MGT_ERRCNT_RESET_CTRL 1 [get_hw_sio_links -of_objects [get_hw_sio_linkgroups {LINKGROUP_0}]]
commit_hw_sio [get_hw_sio_links -of_objects [get_hw_sio_linkgroups {LINKGROUP_0}]]
set_property LOGIC.MGT_ERRCNT_RESET_CTRL 0 [get_hw_sio_links -of_objects [get_hw_sio_linkgroups {LINKGROUP_0}]]
commit_hw_sio [get_hw_sio_links -of_objects [get_hw_sio_linkgroups {LINKGROUP_0}]]
set_property LOGIC.MGT_ERRCNT_RESET_CTRL 1 [get_hw_sio_links -of_objects [get_hw_sio_linkgroups {LINKGROUP_0}]]
commit_hw_sio [get_hw_sio_links -of_objects [get_hw_sio_linkgroups {LINKGROUP_0}]]
set_property LOGIC.MGT_ERRCNT_RESET_CTRL 0 [get_hw_sio_links -of_objects [get_hw_sio_linkgroups {LINKGROUP_0}]]
commit_hw_sio [get_hw_sio_links -of_objects [get_hw_sio_linkgroups {LINKGROUP_0}]]
set_property RX_PATTERN {PRBS 31-bit} [get_hw_sio_links -of_objects [get_hw_sio_linkgroups {LINKGROUP_0}]]
commit_hw_sio [get_hw_sio_links -of_objects [get_hw_sio_linkgroups {LINKGROUP_0}]]
set_property LOGIC.MGT_ERRCNT_RESET_CTRL 1 [get_hw_sio_links -of_objects [get_hw_sio_linkgroups {LINKGROUP_0}]]
commit_hw_sio [get_hw_sio_links -of_objects [get_hw_sio_linkgroups {LINKGROUP_0}]]
set_property LOGIC.MGT_ERRCNT_RESET_CTRL 0 [get_hw_sio_links -of_objects [get_hw_sio_linkgroups {LINKGROUP_0}]]
commit_hw_sio [get_hw_sio_links -of_objects [get_hw_sio_linkgroups {LINKGROUP_0}]]
set_property LOGIC.MGT_ERRCNT_RESET_CTRL 1 [get_hw_sio_links -of_objects [get_hw_sio_linkgroups {LINKGROUP_0}]]
commit_hw_sio [get_hw_sio_links -of_objects [get_hw_sio_linkgroups {LINKGROUP_0}]]
set_property LOGIC.MGT_ERRCNT_RESET_CTRL 0 [get_hw_sio_links -of_objects [get_hw_sio_linkgroups {LINKGROUP_0}]]
commit_hw_sio [get_hw_sio_links -of_objects [get_hw_sio_linkgroups {LINKGROUP_0}]]
set xil_newScan [create_hw_sio_scan -description {Scan 0} 2d_full_eye  [lindex [get_hw_sio_links localhost:3121/xilinx_tcf/Digilent/210512180081/0_1_0_0/IBERT/Quad_224/MGT_X0Y3/TX->localhost:3121/xilinx_tcf/Digilent/210512180081/0_1_0_0/IBERT/Quad_224/MGT_X0Y2/RX] 0 ]]
run_hw_sio_scan [get_hw_sio_scans $xil_newScan]
set xil_newScan [create_hw_sio_scan -description {Scan 1} 2d_full_eye  [lindex [get_hw_sio_links localhost:3121/xilinx_tcf/Digilent/210512180081/0_1_0_0/IBERT/Quad_224/MGT_X0Y2/TX->localhost:3121/xilinx_tcf/Digilent/210512180081/0_1_0_0/IBERT/Quad_224/MGT_X0Y3/RX] 0 ]]
run_hw_sio_scan [get_hw_sio_scans $xil_newScan]
startgroup
remove_hw_sio_linkgroup [get_hw_sio_linkgroups {LINKGROUP_0}]
remove_hw_sio_link [get_hw_sio_links {localhost:3121/xilinx_tcf/Digilent/210512180081/0_1_0_0/IBERT/Quad_224/MGT_X0Y3/TX->localhost:3121/xilinx_tcf/Digilent/210512180081/0_1_0_0/IBERT/Quad_224/MGT_X0Y2/RX localhost:3121/xilinx_tcf/Digilent/210512180081/0_1_0_0/IBERT/Quad_224/MGT_X0Y2/TX->localhost:3121/xilinx_tcf/Digilent/210512180081/0_1_0_0/IBERT/Quad_224/MGT_X0Y3/RX}]
set_property PROBES.FILE {d:/xilinx_fpga/ku040/sfp_ibert/ibert_sfp_10g/ibert_sfp_10g_ex/ibert_sfp_10g_ex.runs/impl_1/example_ibert_sfp_10g.ltx} [get_hw_devices xcku040_0]
set_property FULL_PROBES.FILE {d:/xilinx_fpga/ku040/sfp_ibert/ibert_sfp_10g/ibert_sfp_10g_ex/ibert_sfp_10g_ex.runs/impl_1/example_ibert_sfp_10g.ltx} [get_hw_devices xcku040_0]
set_property PROGRAM.FILE {d:/xilinx_fpga/ku040/sfp_ibert/ibert_sfp_10g/ibert_sfp_10g_ex/ibert_sfp_10g_ex.runs/impl_1/example_ibert_sfp_10g.bit} [get_hw_devices xcku040_0]
program_hw_devices [get_hw_devices xcku040_0]
refresh_hw_device [lindex [get_hw_devices xcku040_0] 0]
detect_hw_sio_links
set_property TX_PATTERN {PRBS 31-bit} [get_hw_sio_links -of_objects [get_hw_sio_linkgroups {LINKGROUP_0}]]
commit_hw_sio [get_hw_sio_links -of_objects [get_hw_sio_linkgroups {LINKGROUP_0}]]
set_property RX_PATTERN {PRBS 31-bit} [get_hw_sio_links -of_objects [get_hw_sio_linkgroups {LINKGROUP_0}]]
commit_hw_sio [get_hw_sio_links -of_objects [get_hw_sio_linkgroups {LINKGROUP_0}]]
set_property LOGIC.MGT_ERRCNT_RESET_CTRL 1 [get_hw_sio_links -of_objects [get_hw_sio_linkgroups {LINKGROUP_0}]]
commit_hw_sio [get_hw_sio_links -of_objects [get_hw_sio_linkgroups {LINKGROUP_0}]]
set_property LOGIC.MGT_ERRCNT_RESET_CTRL 0 [get_hw_sio_links -of_objects [get_hw_sio_linkgroups {LINKGROUP_0}]]
commit_hw_sio [get_hw_sio_links -of_objects [get_hw_sio_linkgroups {LINKGROUP_0}]]
set xil_newScan [create_hw_sio_scan -description {Scan 2} 2d_full_eye  [lindex [get_hw_sio_links localhost:3121/xilinx_tcf/Digilent/210512180081/0_1_0_0/IBERT/Quad_224/MGT_X0Y1/TX->localhost:3121/xilinx_tcf/Digilent/210512180081/0_1_0_0/IBERT/Quad_224/MGT_X0Y0/RX] 0 ]]
run_hw_sio_scan [get_hw_sio_scans $xil_newScan]
set xil_newScan [create_hw_sio_scan -description {Scan 3} 2d_full_eye  [lindex [get_hw_sio_links localhost:3121/xilinx_tcf/Digilent/210512180081/0_1_0_0/IBERT/Quad_224/MGT_X0Y0/TX->localhost:3121/xilinx_tcf/Digilent/210512180081/0_1_0_0/IBERT/Quad_224/MGT_X0Y1/RX] 0 ]]
run_hw_sio_scan [get_hw_sio_scans $xil_newScan]
