#-----------------------------------------------------------
# Vivado v2017.4 (64-bit)
# SW Build 2086221 on Fri Dec 15 20:55:39 MST 2017
# IP Build 2085800 on Fri Dec 15 22:25:07 MST 2017
# Start of session at: Thu Apr 22 10:07:03 2021
# Process ID: 35768
# Current directory: d:/xilinx_fpga/ku040/sfp_ibert/ibert_sfp_12_5g/ibert_sfp_12_5g_ex
# Command line: vivado.exe -notrace -source d:/xilinx_fpga/ku040/sfp_ibert/project_1/project_1.srcs/sources_1/ip/ibert_sfp_12_5g/ibert_sfp_12_5g_ex.tcl
# Log file: d:/xilinx_fpga/ku040/sfp_ibert/ibert_sfp_12_5g/ibert_sfp_12_5g_ex/vivado.log
# Journal file: d:/xilinx_fpga/ku040/sfp_ibert/ibert_sfp_12_5g/ibert_sfp_12_5g_ex\vivado.jou
#-----------------------------------------------------------
start_gui
source d:/xilinx_fpga/ku040/sfp_ibert/project_1/project_1.srcs/sources_1/ip/ibert_sfp_12_5g/ibert_sfp_12_5g_ex.tcl -notrace
update_compile_order -fileset sources_1
launch_runs impl_1 -to_step write_bitstream -jobs 6
wait_on_run impl_1
file mkdir d:/xilinx_fpga/ku040/sfp_ibert/ibert_sfp_12_5g/ibert_sfp_12_5g_ex/ibert_sfp_12_5g_ex.srcs/constrs_1
file mkdir d:/xilinx_fpga/ku040/sfp_ibert/ibert_sfp_12_5g/ibert_sfp_12_5g_ex/ibert_sfp_12_5g_ex.srcs/constrs_1/new
close [ open d:/xilinx_fpga/ku040/sfp_ibert/ibert_sfp_12_5g/ibert_sfp_12_5g_ex/ibert_sfp_12_5g_ex.srcs/constrs_1/new/sfp.xdc w ]
add_files -fileset constrs_1 d:/xilinx_fpga/ku040/sfp_ibert/ibert_sfp_12_5g/ibert_sfp_12_5g_ex/ibert_sfp_12_5g_ex.srcs/constrs_1/new/sfp.xdc
reset_run synth_1
launch_runs impl_1 -to_step write_bitstream -jobs 6
wait_on_run impl_1
open_hw
connect_hw_server
open_hw_target
set_property PROGRAM.FILE {d:/xilinx_fpga/ku040/sfp_ibert/ibert_sfp_12_5g/ibert_sfp_12_5g_ex/ibert_sfp_12_5g_ex.runs/impl_1/example_ibert_sfp_12_5g.bit} [get_hw_devices xcku040_0]
set_property PROBES.FILE {d:/xilinx_fpga/ku040/sfp_ibert/ibert_sfp_12_5g/ibert_sfp_12_5g_ex/ibert_sfp_12_5g_ex.runs/impl_1/example_ibert_sfp_12_5g.ltx} [get_hw_devices xcku040_0]
set_property FULL_PROBES.FILE {d:/xilinx_fpga/ku040/sfp_ibert/ibert_sfp_12_5g/ibert_sfp_12_5g_ex/ibert_sfp_12_5g_ex.runs/impl_1/example_ibert_sfp_12_5g.ltx} [get_hw_devices xcku040_0]
current_hw_device [get_hw_devices xcku040_0]
refresh_hw_device [lindex [get_hw_devices xcku040_0] 0]
set_property PROBES.FILE {d:/xilinx_fpga/ku040/sfp_ibert/ibert_sfp_12_5g/ibert_sfp_12_5g_ex/ibert_sfp_12_5g_ex.runs/impl_1/example_ibert_sfp_12_5g.ltx} [get_hw_devices xcku040_0]
set_property FULL_PROBES.FILE {d:/xilinx_fpga/ku040/sfp_ibert/ibert_sfp_12_5g/ibert_sfp_12_5g_ex/ibert_sfp_12_5g_ex.runs/impl_1/example_ibert_sfp_12_5g.ltx} [get_hw_devices xcku040_0]
set_property PROGRAM.FILE {d:/xilinx_fpga/ku040/sfp_ibert/ibert_sfp_12_5g/ibert_sfp_12_5g_ex/ibert_sfp_12_5g_ex.runs/impl_1/example_ibert_sfp_12_5g.bit} [get_hw_devices xcku040_0]
program_hw_devices [get_hw_devices xcku040_0]
refresh_hw_device [lindex [get_hw_devices xcku040_0] 0]
set_property PROBES.FILE {d:/xilinx_fpga/ku040/sfp_ibert/ibert_sfp_12_5g/ibert_sfp_12_5g_ex/ibert_sfp_12_5g_ex.runs/impl_1/example_ibert_sfp_12_5g.ltx} [get_hw_devices xcku040_0]
set_property FULL_PROBES.FILE {d:/xilinx_fpga/ku040/sfp_ibert/ibert_sfp_12_5g/ibert_sfp_12_5g_ex/ibert_sfp_12_5g_ex.runs/impl_1/example_ibert_sfp_12_5g.ltx} [get_hw_devices xcku040_0]
set_property PROGRAM.FILE {d:/xilinx_fpga/ku040/sfp_ibert/ibert_sfp_12_5g/ibert_sfp_12_5g_ex/ibert_sfp_12_5g_ex.runs/impl_1/example_ibert_sfp_12_5g.bit} [get_hw_devices xcku040_0]
program_hw_devices [get_hw_devices xcku040_0]
refresh_hw_device [lindex [get_hw_devices xcku040_0] 0]
detect_hw_sio_links
set_property TX_PATTERN {PRBS 31-bit} [get_hw_sio_links {localhost:3121/xilinx_tcf/Digilent/210512180081/0_1_0_0/IBERT/Quad_224/MGT_X0Y3/TX->localhost:3121/xilinx_tcf/Digilent/210512180081/0_1_0_0/IBERT/Quad_224/MGT_X0Y2/RX}]
commit_hw_sio [get_hw_sio_links {localhost:3121/xilinx_tcf/Digilent/210512180081/0_1_0_0/IBERT/Quad_224/MGT_X0Y3/TX->localhost:3121/xilinx_tcf/Digilent/210512180081/0_1_0_0/IBERT/Quad_224/MGT_X0Y2/RX}]
set_property TX_PATTERN {PRBS 31-bit} [get_hw_sio_links -of_objects [get_hw_sio_linkgroups {LINKGROUP_0}]]
commit_hw_sio [get_hw_sio_links -of_objects [get_hw_sio_linkgroups {LINKGROUP_0}]]
set_property RX_PATTERN {PRBS 31-bit} [get_hw_sio_links -of_objects [get_hw_sio_linkgroups {LINKGROUP_0}]]
commit_hw_sio [get_hw_sio_links -of_objects [get_hw_sio_linkgroups {LINKGROUP_0}]]
set_property LOGIC.MGT_ERRCNT_RESET_CTRL 1 [get_hw_sio_links -of_objects [get_hw_sio_linkgroups {LINKGROUP_0}]]
commit_hw_sio [get_hw_sio_links -of_objects [get_hw_sio_linkgroups {LINKGROUP_0}]]
set_property LOGIC.MGT_ERRCNT_RESET_CTRL 0 [get_hw_sio_links -of_objects [get_hw_sio_linkgroups {LINKGROUP_0}]]
commit_hw_sio [get_hw_sio_links -of_objects [get_hw_sio_linkgroups {LINKGROUP_0}]]
set xil_newScan [create_hw_sio_scan -description {Scan 0} 2d_full_eye  [lindex [get_hw_sio_links localhost:3121/xilinx_tcf/Digilent/210512180081/0_1_0_0/IBERT/Quad_224/MGT_X0Y3/TX->localhost:3121/xilinx_tcf/Digilent/210512180081/0_1_0_0/IBERT/Quad_224/MGT_X0Y2/RX] 0 ]]
run_hw_sio_scan [get_hw_sio_scans $xil_newScan]
set xil_newScan [create_hw_sio_scan -description {Scan 1} 2d_full_eye  [lindex [get_hw_sio_links localhost:3121/xilinx_tcf/Digilent/210512180081/0_1_0_0/IBERT/Quad_224/MGT_X0Y2/TX->localhost:3121/xilinx_tcf/Digilent/210512180081/0_1_0_0/IBERT/Quad_224/MGT_X0Y3/RX] 0 ]]
run_hw_sio_scan [get_hw_sio_scans $xil_newScan]
set_property PROBES.FILE {d:/xilinx_fpga/ku040/sfp_ibert/ibert_sfp_12_5g/ibert_sfp_12_5g_ex/ibert_sfp_12_5g_ex.runs/impl_1/example_ibert_sfp_12_5g.ltx} [get_hw_devices xcku040_0]
set_property FULL_PROBES.FILE {d:/xilinx_fpga/ku040/sfp_ibert/ibert_sfp_12_5g/ibert_sfp_12_5g_ex/ibert_sfp_12_5g_ex.runs/impl_1/example_ibert_sfp_12_5g.ltx} [get_hw_devices xcku040_0]
set_property PROGRAM.FILE {d:/xilinx_fpga/ku040/sfp_ibert/ibert_sfp_12_5g/ibert_sfp_12_5g_ex/ibert_sfp_12_5g_ex.runs/impl_1/example_ibert_sfp_12_5g.bit} [get_hw_devices xcku040_0]
program_hw_devices [get_hw_devices xcku040_0]
refresh_hw_device [lindex [get_hw_devices xcku040_0] 0]
detect_hw_sio_links
set_property RX_PATTERN {PRBS 31-bit} [get_hw_sio_links {localhost:3121/xilinx_tcf/Digilent/210512180081/0_1_0_0/IBERT/Quad_224/MGT_X0Y1/TX->localhost:3121/xilinx_tcf/Digilent/210512180081/0_1_0_0/IBERT/Quad_224/MGT_X0Y0/RX}]
commit_hw_sio [get_hw_sio_links {localhost:3121/xilinx_tcf/Digilent/210512180081/0_1_0_0/IBERT/Quad_224/MGT_X0Y1/TX->localhost:3121/xilinx_tcf/Digilent/210512180081/0_1_0_0/IBERT/Quad_224/MGT_X0Y0/RX}]
set_property RX_PATTERN {PRBS 31-bit} [get_hw_sio_links {localhost:3121/xilinx_tcf/Digilent/210512180081/0_1_0_0/IBERT/Quad_224/MGT_X0Y0/TX->localhost:3121/xilinx_tcf/Digilent/210512180081/0_1_0_0/IBERT/Quad_224/MGT_X0Y1/RX}]
commit_hw_sio [get_hw_sio_links {localhost:3121/xilinx_tcf/Digilent/210512180081/0_1_0_0/IBERT/Quad_224/MGT_X0Y0/TX->localhost:3121/xilinx_tcf/Digilent/210512180081/0_1_0_0/IBERT/Quad_224/MGT_X0Y1/RX}]
set_property TX_PATTERN {PRBS 23-bit} [get_hw_sio_links {localhost:3121/xilinx_tcf/Digilent/210512180081/0_1_0_0/IBERT/Quad_224/MGT_X0Y1/TX->localhost:3121/xilinx_tcf/Digilent/210512180081/0_1_0_0/IBERT/Quad_224/MGT_X0Y0/RX}]
commit_hw_sio [get_hw_sio_links {localhost:3121/xilinx_tcf/Digilent/210512180081/0_1_0_0/IBERT/Quad_224/MGT_X0Y1/TX->localhost:3121/xilinx_tcf/Digilent/210512180081/0_1_0_0/IBERT/Quad_224/MGT_X0Y0/RX}]
set_property TX_PATTERN {PRBS 31-bit} [get_hw_sio_links {localhost:3121/xilinx_tcf/Digilent/210512180081/0_1_0_0/IBERT/Quad_224/MGT_X0Y1/TX->localhost:3121/xilinx_tcf/Digilent/210512180081/0_1_0_0/IBERT/Quad_224/MGT_X0Y0/RX}]
commit_hw_sio [get_hw_sio_links {localhost:3121/xilinx_tcf/Digilent/210512180081/0_1_0_0/IBERT/Quad_224/MGT_X0Y1/TX->localhost:3121/xilinx_tcf/Digilent/210512180081/0_1_0_0/IBERT/Quad_224/MGT_X0Y0/RX}]
set_property TX_PATTERN {PRBS 31-bit} [get_hw_sio_links {localhost:3121/xilinx_tcf/Digilent/210512180081/0_1_0_0/IBERT/Quad_224/MGT_X0Y0/TX->localhost:3121/xilinx_tcf/Digilent/210512180081/0_1_0_0/IBERT/Quad_224/MGT_X0Y1/RX}]
commit_hw_sio [get_hw_sio_links {localhost:3121/xilinx_tcf/Digilent/210512180081/0_1_0_0/IBERT/Quad_224/MGT_X0Y0/TX->localhost:3121/xilinx_tcf/Digilent/210512180081/0_1_0_0/IBERT/Quad_224/MGT_X0Y1/RX}]
set_property TX_PATTERN {PRBS 31-bit} [get_hw_sio_links -of_objects [get_hw_sio_linkgroups {LINKGROUP_0}]]
commit_hw_sio [get_hw_sio_links -of_objects [get_hw_sio_linkgroups {LINKGROUP_0}]]
set_property RX_PATTERN {PRBS 31-bit} [get_hw_sio_links -of_objects [get_hw_sio_linkgroups {LINKGROUP_0}]]
commit_hw_sio [get_hw_sio_links -of_objects [get_hw_sio_linkgroups {LINKGROUP_0}]]
set_property LOGIC.MGT_ERRCNT_RESET_CTRL 1 [get_hw_sio_links -of_objects [get_hw_sio_linkgroups {LINKGROUP_0}]]
commit_hw_sio [get_hw_sio_links -of_objects [get_hw_sio_linkgroups {LINKGROUP_0}]]
set_property LOGIC.MGT_ERRCNT_RESET_CTRL 0 [get_hw_sio_links -of_objects [get_hw_sio_linkgroups {LINKGROUP_0}]]
commit_hw_sio [get_hw_sio_links -of_objects [get_hw_sio_linkgroups {LINKGROUP_0}]]
set_property LOGIC.MGT_ERRCNT_RESET_CTRL 1 [get_hw_sio_links -of_objects [get_hw_sio_linkgroups {LINKGROUP_1}]]
commit_hw_sio [get_hw_sio_links -of_objects [get_hw_sio_linkgroups {LINKGROUP_1}]]
set_property LOGIC.MGT_ERRCNT_RESET_CTRL 0 [get_hw_sio_links -of_objects [get_hw_sio_linkgroups {LINKGROUP_1}]]
commit_hw_sio [get_hw_sio_links -of_objects [get_hw_sio_linkgroups {LINKGROUP_1}]]
set xil_newScan [create_hw_sio_scan -description {Scan 2} 2d_full_eye  [lindex [get_hw_sio_links localhost:3121/xilinx_tcf/Digilent/210512180081/0_1_0_0/IBERT/Quad_224/MGT_X0Y1/TX->localhost:3121/xilinx_tcf/Digilent/210512180081/0_1_0_0/IBERT/Quad_224/MGT_X0Y0/RX] 0 ]]
set_property DWELL_BER 1e-6 [get_hw_sio_scans $xil_newScan]
run_hw_sio_scan [get_hw_sio_scans $xil_newScan]
set xil_newScan [create_hw_sio_scan -description {Scan 3} 2d_full_eye  [lindex [get_hw_sio_links localhost:3121/xilinx_tcf/Digilent/210512180081/0_1_0_0/IBERT/Quad_224/MGT_X0Y0/TX->localhost:3121/xilinx_tcf/Digilent/210512180081/0_1_0_0/IBERT/Quad_224/MGT_X0Y1/RX] 0 ]]
set_property DWELL_BER 1e-6 [get_hw_sio_scans $xil_newScan]
run_hw_sio_scan [get_hw_sio_scans $xil_newScan]
set_property PROBES.FILE {d:/xilinx_fpga/ku040/sfp_ibert/ibert_sfp_12_5g/ibert_sfp_12_5g_ex/ibert_sfp_12_5g_ex.runs/impl_1/example_ibert_sfp_12_5g.ltx} [get_hw_devices xcku040_0]
set_property FULL_PROBES.FILE {d:/xilinx_fpga/ku040/sfp_ibert/ibert_sfp_12_5g/ibert_sfp_12_5g_ex/ibert_sfp_12_5g_ex.runs/impl_1/example_ibert_sfp_12_5g.ltx} [get_hw_devices xcku040_0]
set_property PROGRAM.FILE {d:/xilinx_fpga/ku040/sfp_ibert/ibert_sfp_12_5g/ibert_sfp_12_5g_ex/ibert_sfp_12_5g_ex.runs/impl_1/example_ibert_sfp_12_5g.bit} [get_hw_devices xcku040_0]
program_hw_devices [get_hw_devices xcku040_0]
refresh_hw_device [lindex [get_hw_devices xcku040_0] 0]
set_property TX_PATTERN {PRBS 31-bit} [get_hw_sio_links -of_objects [get_hw_sio_linkgroups {LINKGROUP_0}]]
commit_hw_sio [get_hw_sio_links -of_objects [get_hw_sio_linkgroups {LINKGROUP_0}]]
set_property RX_PATTERN {PRBS 31-bit} [get_hw_sio_links -of_objects [get_hw_sio_linkgroups {LINKGROUP_0}]]
commit_hw_sio [get_hw_sio_links -of_objects [get_hw_sio_linkgroups {LINKGROUP_0}]]
set_property LOGIC.MGT_ERRCNT_RESET_CTRL 1 [get_hw_sio_links -of_objects [get_hw_sio_linkgroups {LINKGROUP_0}]]
commit_hw_sio [get_hw_sio_links -of_objects [get_hw_sio_linkgroups {LINKGROUP_0}]]
set_property LOGIC.MGT_ERRCNT_RESET_CTRL 0 [get_hw_sio_links -of_objects [get_hw_sio_linkgroups {LINKGROUP_0}]]
commit_hw_sio [get_hw_sio_links -of_objects [get_hw_sio_linkgroups {LINKGROUP_0}]]
set_property PROBES.FILE {d:/xilinx_fpga/ku040/sfp_ibert/ibert_sfp_12_5g/ibert_sfp_12_5g_ex/ibert_sfp_12_5g_ex.runs/impl_1/example_ibert_sfp_12_5g.ltx} [get_hw_devices xcku040_0]
set_property FULL_PROBES.FILE {d:/xilinx_fpga/ku040/sfp_ibert/ibert_sfp_12_5g/ibert_sfp_12_5g_ex/ibert_sfp_12_5g_ex.runs/impl_1/example_ibert_sfp_12_5g.ltx} [get_hw_devices xcku040_0]
set_property PROGRAM.FILE {d:/xilinx_fpga/ku040/sfp_ibert/ibert_sfp_12_5g/ibert_sfp_12_5g_ex/ibert_sfp_12_5g_ex.runs/impl_1/example_ibert_sfp_12_5g.bit} [get_hw_devices xcku040_0]
program_hw_devices [get_hw_devices xcku040_0]
refresh_hw_device [lindex [get_hw_devices xcku040_0] 0]
set_property TX_PATTERN {PRBS 31-bit} [get_hw_sio_links -of_objects [get_hw_sio_linkgroups {LINKGROUP_0}]]
commit_hw_sio [get_hw_sio_links -of_objects [get_hw_sio_linkgroups {LINKGROUP_0}]]
set_property RX_PATTERN {PRBS 31-bit} [get_hw_sio_links -of_objects [get_hw_sio_linkgroups {LINKGROUP_0}]]
commit_hw_sio [get_hw_sio_links -of_objects [get_hw_sio_linkgroups {LINKGROUP_0}]]
set_property LOGIC.MGT_ERRCNT_RESET_CTRL 1 [get_hw_sio_links -of_objects [get_hw_sio_linkgroups {LINKGROUP_0}]]
commit_hw_sio [get_hw_sio_links -of_objects [get_hw_sio_linkgroups {LINKGROUP_0}]]
set_property LOGIC.MGT_ERRCNT_RESET_CTRL 0 [get_hw_sio_links -of_objects [get_hw_sio_linkgroups {LINKGROUP_0}]]
commit_hw_sio [get_hw_sio_links -of_objects [get_hw_sio_linkgroups {LINKGROUP_0}]]
set_property LOGIC.MGT_ERRCNT_RESET_CTRL 1 [get_hw_sio_links -of_objects [get_hw_sio_linkgroups {LINKGROUP_0}]]
commit_hw_sio [get_hw_sio_links -of_objects [get_hw_sio_linkgroups {LINKGROUP_0}]]
set_property LOGIC.MGT_ERRCNT_RESET_CTRL 0 [get_hw_sio_links -of_objects [get_hw_sio_linkgroups {LINKGROUP_0}]]
commit_hw_sio [get_hw_sio_links -of_objects [get_hw_sio_linkgroups {LINKGROUP_0}]]
set_property LOGIC.MGT_ERRCNT_RESET_CTRL 1 [get_hw_sio_links -of_objects [get_hw_sio_linkgroups {LINKGROUP_0}]]
commit_hw_sio [get_hw_sio_links -of_objects [get_hw_sio_linkgroups {LINKGROUP_0}]]
set_property LOGIC.MGT_ERRCNT_RESET_CTRL 0 [get_hw_sio_links -of_objects [get_hw_sio_linkgroups {LINKGROUP_0}]]
commit_hw_sio [get_hw_sio_links -of_objects [get_hw_sio_linkgroups {LINKGROUP_0}]]
set_property LOGIC.MGT_ERRCNT_RESET_CTRL 1 [get_hw_sio_links -of_objects [get_hw_sio_linkgroups {LINKGROUP_0}]]
commit_hw_sio [get_hw_sio_links -of_objects [get_hw_sio_linkgroups {LINKGROUP_0}]]
set_property LOGIC.MGT_ERRCNT_RESET_CTRL 0 [get_hw_sio_links -of_objects [get_hw_sio_linkgroups {LINKGROUP_0}]]
commit_hw_sio [get_hw_sio_links -of_objects [get_hw_sio_linkgroups {LINKGROUP_0}]]
set xil_newScan [create_hw_sio_scan -description {Scan 4} 2d_full_eye  [lindex [get_hw_sio_links localhost:3121/xilinx_tcf/Digilent/210512180081/0_1_0_0/IBERT/Quad_224/MGT_X0Y1/TX->localhost:3121/xilinx_tcf/Digilent/210512180081/0_1_0_0/IBERT/Quad_224/MGT_X0Y0/RX] 0 ]]
run_hw_sio_scan [get_hw_sio_scans $xil_newScan]
set_property TX_PATTERN {PRBS 7-bit} [get_hw_sio_links -of_objects [get_hw_sio_linkgroups {LINKGROUP_0}]]
commit_hw_sio [get_hw_sio_links -of_objects [get_hw_sio_linkgroups {LINKGROUP_0}]]
set_property RX_PATTERN {PRBS 7-bit} [get_hw_sio_links -of_objects [get_hw_sio_linkgroups {LINKGROUP_0}]]
commit_hw_sio [get_hw_sio_links -of_objects [get_hw_sio_linkgroups {LINKGROUP_0}]]
set_property LOGIC.MGT_ERRCNT_RESET_CTRL 1 [get_hw_sio_links -of_objects [get_hw_sio_linkgroups {LINKGROUP_0}]]
commit_hw_sio [get_hw_sio_links -of_objects [get_hw_sio_linkgroups {LINKGROUP_0}]]
set_property LOGIC.MGT_ERRCNT_RESET_CTRL 0 [get_hw_sio_links -of_objects [get_hw_sio_linkgroups {LINKGROUP_0}]]
commit_hw_sio [get_hw_sio_links -of_objects [get_hw_sio_linkgroups {LINKGROUP_0}]]
set_property LOGIC.MGT_ERRCNT_RESET_CTRL 1 [get_hw_sio_links -of_objects [get_hw_sio_linkgroups {LINKGROUP_0}]]
commit_hw_sio [get_hw_sio_links -of_objects [get_hw_sio_linkgroups {LINKGROUP_0}]]
set_property LOGIC.MGT_ERRCNT_RESET_CTRL 0 [get_hw_sio_links -of_objects [get_hw_sio_linkgroups {LINKGROUP_0}]]
commit_hw_sio [get_hw_sio_links -of_objects [get_hw_sio_linkgroups {LINKGROUP_0}]]
set_property LOGIC.MGT_ERRCNT_RESET_CTRL 1 [get_hw_sio_links -of_objects [get_hw_sio_linkgroups {LINKGROUP_0}]]
commit_hw_sio [get_hw_sio_links -of_objects [get_hw_sio_linkgroups {LINKGROUP_0}]]
set_property LOGIC.MGT_ERRCNT_RESET_CTRL 0 [get_hw_sio_links -of_objects [get_hw_sio_linkgroups {LINKGROUP_0}]]
commit_hw_sio [get_hw_sio_links -of_objects [get_hw_sio_linkgroups {LINKGROUP_0}]]
set_property LOGIC.MGT_ERRCNT_RESET_CTRL 1 [get_hw_sio_links -of_objects [get_hw_sio_linkgroups {LINKGROUP_0}]]
commit_hw_sio [get_hw_sio_links -of_objects [get_hw_sio_linkgroups {LINKGROUP_0}]]
set_property LOGIC.MGT_ERRCNT_RESET_CTRL 0 [get_hw_sio_links -of_objects [get_hw_sio_linkgroups {LINKGROUP_0}]]
commit_hw_sio [get_hw_sio_links -of_objects [get_hw_sio_linkgroups {LINKGROUP_0}]]
set_property LOGIC.MGT_ERRCNT_RESET_CTRL 1 [get_hw_sio_links -of_objects [get_hw_sio_linkgroups {LINKGROUP_0}]]
commit_hw_sio [get_hw_sio_links -of_objects [get_hw_sio_linkgroups {LINKGROUP_0}]]
set_property LOGIC.MGT_ERRCNT_RESET_CTRL 0 [get_hw_sio_links -of_objects [get_hw_sio_linkgroups {LINKGROUP_0}]]
commit_hw_sio [get_hw_sio_links -of_objects [get_hw_sio_linkgroups {LINKGROUP_0}]]
set_property PROBES.FILE {d:/xilinx_fpga/ku040/sfp_ibert/ibert_sfp_12_5g/ibert_sfp_12_5g_ex/ibert_sfp_12_5g_ex.runs/impl_1/example_ibert_sfp_12_5g.ltx} [get_hw_devices xcku040_0]
set_property FULL_PROBES.FILE {d:/xilinx_fpga/ku040/sfp_ibert/ibert_sfp_12_5g/ibert_sfp_12_5g_ex/ibert_sfp_12_5g_ex.runs/impl_1/example_ibert_sfp_12_5g.ltx} [get_hw_devices xcku040_0]
set_property PROGRAM.FILE {d:/xilinx_fpga/ku040/sfp_ibert/ibert_sfp_12_5g/ibert_sfp_12_5g_ex/ibert_sfp_12_5g_ex.runs/impl_1/example_ibert_sfp_12_5g.bit} [get_hw_devices xcku040_0]
program_hw_devices [get_hw_devices xcku040_0]
refresh_hw_device [lindex [get_hw_devices xcku040_0] 0]
set_property LOGIC.MGT_ERRCNT_RESET_CTRL 1 [get_hw_sio_links -of_objects [get_hw_sio_linkgroups {LINKGROUP_0}]]
commit_hw_sio [get_hw_sio_links -of_objects [get_hw_sio_linkgroups {LINKGROUP_0}]]
set_property LOGIC.MGT_ERRCNT_RESET_CTRL 0 [get_hw_sio_links -of_objects [get_hw_sio_linkgroups {LINKGROUP_0}]]
commit_hw_sio [get_hw_sio_links -of_objects [get_hw_sio_linkgroups {LINKGROUP_0}]]
set_property LOGIC.MGT_ERRCNT_RESET_CTRL 1 [get_hw_sio_links -of_objects [get_hw_sio_linkgroups {LINKGROUP_0}]]
commit_hw_sio [get_hw_sio_links -of_objects [get_hw_sio_linkgroups {LINKGROUP_0}]]
set_property LOGIC.MGT_ERRCNT_RESET_CTRL 0 [get_hw_sio_links -of_objects [get_hw_sio_linkgroups {LINKGROUP_0}]]
commit_hw_sio [get_hw_sio_links -of_objects [get_hw_sio_linkgroups {LINKGROUP_0}]]
set_property LOGIC.MGT_ERRCNT_RESET_CTRL 1 [get_hw_sio_links -of_objects [get_hw_sio_linkgroups {LINKGROUP_0}]]
commit_hw_sio [get_hw_sio_links -of_objects [get_hw_sio_linkgroups {LINKGROUP_0}]]
set_property LOGIC.MGT_ERRCNT_RESET_CTRL 0 [get_hw_sio_links -of_objects [get_hw_sio_linkgroups {LINKGROUP_0}]]
commit_hw_sio [get_hw_sio_links -of_objects [get_hw_sio_linkgroups {LINKGROUP_0}]]
set_property LOGIC.MGT_ERRCNT_RESET_CTRL 1 [get_hw_sio_links -of_objects [get_hw_sio_linkgroups {LINKGROUP_0}]]
commit_hw_sio [get_hw_sio_links -of_objects [get_hw_sio_linkgroups {LINKGROUP_0}]]
set_property LOGIC.MGT_ERRCNT_RESET_CTRL 0 [get_hw_sio_links -of_objects [get_hw_sio_linkgroups {LINKGROUP_0}]]
commit_hw_sio [get_hw_sio_links -of_objects [get_hw_sio_linkgroups {LINKGROUP_0}]]
set xil_newScan [create_hw_sio_scan -description {Scan 5} 2d_full_eye  [lindex [get_hw_sio_links localhost:3121/xilinx_tcf/Digilent/210512180081/0_1_0_0/IBERT/Quad_224/MGT_X0Y1/TX->localhost:3121/xilinx_tcf/Digilent/210512180081/0_1_0_0/IBERT/Quad_224/MGT_X0Y0/RX] 0 ]]
run_hw_sio_scan [get_hw_sio_scans $xil_newScan]
set_property LOGIC.MGT_ERRCNT_RESET_CTRL 1 [get_hw_sio_links -of_objects [get_hw_sio_linkgroups {LINKGROUP_1}]]
commit_hw_sio [get_hw_sio_links -of_objects [get_hw_sio_linkgroups {LINKGROUP_1}]]
set_property LOGIC.MGT_ERRCNT_RESET_CTRL 0 [get_hw_sio_links -of_objects [get_hw_sio_linkgroups {LINKGROUP_1}]]
commit_hw_sio [get_hw_sio_links -of_objects [get_hw_sio_linkgroups {LINKGROUP_1}]]
startgroup
remove_hw_sio_linkgroup [get_hw_sio_linkgroups {LINKGROUP_0 LINKGROUP_1}]
remove_hw_sio_link [get_hw_sio_links {localhost:3121/xilinx_tcf/Digilent/210512180081/0_1_0_0/IBERT/Quad_224/MGT_X0Y3/TX->localhost:3121/xilinx_tcf/Digilent/210512180081/0_1_0_0/IBERT/Quad_224/MGT_X0Y2/RX localhost:3121/xilinx_tcf/Digilent/210512180081/0_1_0_0/IBERT/Quad_224/MGT_X0Y2/TX->localhost:3121/xilinx_tcf/Digilent/210512180081/0_1_0_0/IBERT/Quad_224/MGT_X0Y3/RX localhost:3121/xilinx_tcf/Digilent/210512180081/0_1_0_0/IBERT/Quad_224/MGT_X0Y1/TX->localhost:3121/xilinx_tcf/Digilent/210512180081/0_1_0_0/IBERT/Quad_224/MGT_X0Y0/RX localhost:3121/xilinx_tcf/Digilent/210512180081/0_1_0_0/IBERT/Quad_224/MGT_X0Y0/TX->localhost:3121/xilinx_tcf/Digilent/210512180081/0_1_0_0/IBERT/Quad_224/MGT_X0Y1/RX}]
detect_hw_sio_links
remove_hw_sio_scan [get_hw_sio_scans {SCAN_2 SCAN_0 SCAN_1 SCAN_3 SCAN_4 SCAN_5}]
set_property TX_PATTERN {PRBS 31-bit} [get_hw_sio_links -of_objects [get_hw_sio_linkgroups {LINKGROUP_0}]]
commit_hw_sio [get_hw_sio_links -of_objects [get_hw_sio_linkgroups {LINKGROUP_0}]]
set_property RX_PATTERN {PRBS 31-bit} [get_hw_sio_links -of_objects [get_hw_sio_linkgroups {LINKGROUP_0}]]
commit_hw_sio [get_hw_sio_links -of_objects [get_hw_sio_linkgroups {LINKGROUP_0}]]
set_property LOGIC.MGT_ERRCNT_RESET_CTRL 1 [get_hw_sio_links -of_objects [get_hw_sio_linkgroups {LINKGROUP_0}]]
commit_hw_sio [get_hw_sio_links -of_objects [get_hw_sio_linkgroups {LINKGROUP_0}]]
set_property LOGIC.MGT_ERRCNT_RESET_CTRL 0 [get_hw_sio_links -of_objects [get_hw_sio_linkgroups {LINKGROUP_0}]]
commit_hw_sio [get_hw_sio_links -of_objects [get_hw_sio_linkgroups {LINKGROUP_0}]]
set xil_newScan [create_hw_sio_scan -description {Scan 0} 2d_full_eye  [lindex [get_hw_sio_links localhost:3121/xilinx_tcf/Digilent/210512180081/0_1_0_0/IBERT/Quad_224/MGT_X0Y1/TX->localhost:3121/xilinx_tcf/Digilent/210512180081/0_1_0_0/IBERT/Quad_224/MGT_X0Y0/RX] 0 ]]
set_property DWELL_BER 1e-7 [get_hw_sio_scans $xil_newScan]
run_hw_sio_scan [get_hw_sio_scans $xil_newScan]
set xil_newScan [create_hw_sio_scan -description {Scan 1} 2d_full_eye  [lindex [get_hw_sio_links localhost:3121/xilinx_tcf/Digilent/210512180081/0_1_0_0/IBERT/Quad_224/MGT_X0Y0/TX->localhost:3121/xilinx_tcf/Digilent/210512180081/0_1_0_0/IBERT/Quad_224/MGT_X0Y1/RX] 0 ]]
set_property DWELL_BER 1e-7 [get_hw_sio_scans $xil_newScan]
run_hw_sio_scan [get_hw_sio_scans $xil_newScan]
remove_hw_sio_link [get_hw_sio_links {localhost:3121/xilinx_tcf/Digilent/210512180081/0_1_0_0/IBERT/Quad_224/MGT_X0Y1/TX->localhost:3121/xilinx_tcf/Digilent/210512180081/0_1_0_0/IBERT/Quad_224/MGT_X0Y0/RX}]
remove_hw_sio_link [get_hw_sio_links {localhost:3121/xilinx_tcf/Digilent/210512180081/0_1_0_0/IBERT/Quad_224/MGT_X0Y0/TX->localhost:3121/xilinx_tcf/Digilent/210512180081/0_1_0_0/IBERT/Quad_224/MGT_X0Y1/RX}]
refresh_hw_sio [list [get_hw_sio_iberts {localhost:3121/xilinx_tcf/Digilent/210512180081/0_1_0_0/IBERT}] ]
detect_hw_sio_links
set_property PROBES.FILE {d:/xilinx_fpga/ku040/sfp_ibert/ibert_sfp_12_5g/ibert_sfp_12_5g_ex/ibert_sfp_12_5g_ex.runs/impl_1/example_ibert_sfp_12_5g.ltx} [get_hw_devices xcku040_0]
set_property FULL_PROBES.FILE {d:/xilinx_fpga/ku040/sfp_ibert/ibert_sfp_12_5g/ibert_sfp_12_5g_ex/ibert_sfp_12_5g_ex.runs/impl_1/example_ibert_sfp_12_5g.ltx} [get_hw_devices xcku040_0]
set_property PROGRAM.FILE {d:/xilinx_fpga/ku040/sfp_ibert/ibert_sfp_12_5g/ibert_sfp_12_5g_ex/ibert_sfp_12_5g_ex.runs/impl_1/example_ibert_sfp_12_5g.bit} [get_hw_devices xcku040_0]
program_hw_devices [get_hw_devices xcku040_0]
refresh_hw_device [lindex [get_hw_devices xcku040_0] 0]
detect_hw_sio_links
set_property TX_PATTERN {PRBS 31-bit} [get_hw_sio_links -of_objects [get_hw_sio_linkgroups {LINKGROUP_0}]]
commit_hw_sio [get_hw_sio_links -of_objects [get_hw_sio_linkgroups {LINKGROUP_0}]]
set_property RX_PATTERN {PRBS 31-bit} [get_hw_sio_links -of_objects [get_hw_sio_linkgroups {LINKGROUP_0}]]
commit_hw_sio [get_hw_sio_links -of_objects [get_hw_sio_linkgroups {LINKGROUP_0}]]
set_property LOGIC.MGT_ERRCNT_RESET_CTRL 1 [get_hw_sio_links -of_objects [get_hw_sio_linkgroups {LINKGROUP_0}]]
commit_hw_sio [get_hw_sio_links -of_objects [get_hw_sio_linkgroups {LINKGROUP_0}]]
set_property LOGIC.MGT_ERRCNT_RESET_CTRL 0 [get_hw_sio_links -of_objects [get_hw_sio_linkgroups {LINKGROUP_0}]]
commit_hw_sio [get_hw_sio_links -of_objects [get_hw_sio_linkgroups {LINKGROUP_0}]]
open_project D:/xilinx_fpga/ku040/sfp_ibert/ibert_fmc1_2_5g/ibert_fmc1_2_5g_ex/ibert_fmc1_2_5g_ex.xpr
current_project ibert_sfp_12_5g_ex
close_project
update_compile_order -fileset sources_1
open_hw
connect_hw_server
open_hw_target
current_hw_device [get_hw_devices xcku040_0]
refresh_hw_device -update_hw_probes false [lindex [get_hw_devices xcku040_0] 0]
